
PERCOLATION SWEEP  —  canonical parameters
  K = 0.35,  σ = 0.05,  a = 0.65,  N = 1000
  30 f-values from 0.0 to 0.9
  2 network realisation(s)
  master_seed = 20260529

=== NETWORK 1/2  (seed = 676407802) ===
  Computing edge-betweenness on healthy graph ...
    done in 1.2s
  f = 0.000   |E|=4000   LCC=1000   PR=1.0000   R_g=0.967   R_c=0.967   (3.8s)
  f = 0.031   |E|=3876   LCC=1000   PR=1.0000   R_g=0.962   R_c=0.962   (3.8s)
  f = 0.062   |E|=3752   LCC=1000   PR=1.0000   R_g=0.963   R_c=0.963   (3.8s)
  f = 0.093   |E|=3628   LCC=1000   PR=1.0000   R_g=0.944   R_c=0.944   (3.8s)
  f = 0.124   |E|=3503   LCC=1000   PR=1.0000   R_g=0.945   R_c=0.945   (3.8s)
  f = 0.155   |E|=3379   LCC= 998   PR=0.9960   R_g=0.940   R_c=0.941   (3.8s)
  f = 0.186   |E|=3255   LCC= 998   PR=0.9960   R_g=0.935   R_c=0.937   (3.8s)
  f = 0.217   |E|=3131   LCC= 996   PR=0.9920   R_g=0.942   R_c=0.946   (3.8s)
  f = 0.248   |E|=3007   LCC= 994   PR=0.9880   R_g=0.935   R_c=0.939   (3.8s)
  f = 0.279   |E|=2883   LCC= 993   PR=0.9861   R_g=0.935   R_c=0.939   (3.7s)
  f = 0.310   |E|=2759   LCC= 594   PR=0.5097   R_g=0.932   R_c=0.940   (3.9s)
  f = 0.341   |E|=2634   LCC= 496   PR=0.4113   R_g=0.919   R_c=0.930   (4.0s)
  f = 0.372   |E|=2510   LCC= 457   PR=0.3727   R_g=0.913   R_c=0.932   (4.1s)
  f = 0.403   |E|=2386   LCC= 456   PR=0.3640   R_g=0.910   R_c=0.943   (4.2s)
  f = 0.434   |E|=2262   LCC= 454   PR=0.2579   R_g=0.890   R_c=0.934   (4.7s)
  f = 0.466   |E|=2138   LCC= 308   PR=0.1635   R_g=0.866   R_c=0.930   (4.9s)
  f = 0.497   |E|=2014   LCC= 302   PR=0.1574   R_g=0.869   R_c=0.928   (5.0s)
  f = 0.528   |E|=1890   LCC= 191   PR=0.0867   R_g=0.844   R_c=0.931   (5.6s)
  f = 0.559   |E|=1766   LCC= 125   PR=0.0638   R_g=0.860   R_c=0.948   (6.1s)
  f = 0.590   |E|=1641   LCC= 107   PR=0.0531   R_g=0.829   R_c=0.937   (6.7s)
  f = 0.621   |E|=1517   LCC= 105   PR=0.0487   R_g=0.812   R_c=0.941   (6.9s)
  f = 0.652   |E|=1393   LCC=  82   PR=0.0321   R_g=0.775   R_c=0.946   (7.7s)
  f = 0.683   |E|=1269   LCC=  64   PR=0.0260   R_g=0.749   R_c=0.949   (8.1s)
  f = 0.714   |E|=1145   LCC=  45   PR=0.0185   R_g=0.719   R_c=0.948   (9.2s)
  f = 0.745   |E|=1021   LCC=  30   PR=0.0135   R_g=0.692   R_c=0.959   (10.1s)
  f = 0.776   |E|= 897   LCC=  30   PR=0.0105   R_g=0.625   R_c=0.956   (11.2s)
  f = 0.807   |E|= 772   LCC=  27   PR=0.0082   R_g=0.575   R_c=0.956   (12.6s)
  f = 0.838   |E|= 648   LCC=  21   PR=0.0055   R_g=0.523   R_c=0.970   (15.1s)
  f = 0.869   |E|= 524   LCC=  17   PR=0.0039   R_g=0.489   R_c=0.976   (16.5s)
  f = 0.900   |E|= 400   LCC=  11   PR=0.0026   R_g=0.415   R_c=0.981   (18.2s)

=== NETWORK 2/2  (seed = 1960940411) ===
  Computing edge-betweenness on healthy graph ...
    done in 1.2s
  f = 0.000   |E|=4000   LCC=1000   PR=1.0000   R_g=0.969   R_c=0.969   (3.7s)
  f = 0.031   |E|=3876   LCC=1000   PR=1.0000   R_g=0.965   R_c=0.965   (3.7s)
  f = 0.062   |E|=3752   LCC=1000   PR=1.0000   R_g=0.964   R_c=0.964   (3.7s)
  f = 0.093   |E|=3628   LCC=1000   PR=1.0000   R_g=0.938   R_c=0.938   (3.8s)
  f = 0.124   |E|=3503   LCC=1000   PR=1.0000   R_g=0.939   R_c=0.939   (3.8s)
  f = 0.155   |E|=3379   LCC=1000   PR=1.0000   R_g=0.936   R_c=0.936   (3.7s)
  f = 0.186   |E|=3255   LCC=1000   PR=1.0000   R_g=0.936   R_c=0.936   (3.7s)
  f = 0.217   |E|=3131   LCC= 999   PR=0.9980   R_g=0.945   R_c=0.946   (3.8s)
  f = 0.248   |E|=3007   LCC= 997   PR=0.9940   R_g=0.926   R_c=0.929   (3.8s)
  f = 0.279   |E|=2883   LCC= 597   PR=0.4415   R_g=0.938   R_c=0.942   (4.0s)
  f = 0.310   |E|=2759   LCC= 446   PR=0.3044   R_g=0.926   R_c=0.937   (4.1s)
  f = 0.341   |E|=2634   LCC= 427   PR=0.2870   R_g=0.925   R_c=0.940   (4.2s)
  f = 0.372   |E|=2510   LCC= 425   PR=0.2789   R_g=0.912   R_c=0.936   (4.3s)
  f = 0.403   |E|=2386   LCC= 410   PR=0.2382   R_g=0.915   R_c=0.942   (4.6s)
  f = 0.434   |E|=2262   LCC= 408   PR=0.2282   R_g=0.903   R_c=0.935   (4.7s)
  f = 0.466   |E|=2138   LCC= 236   PR=0.1461   R_g=0.901   R_c=0.938   (5.0s)
  f = 0.497   |E|=2014   LCC= 171   PR=0.0923   R_g=0.891   R_c=0.947   (5.4s)
  f = 0.528   |E|=1890   LCC= 167   PR=0.0841   R_g=0.863   R_c=0.942   (5.8s)
  f = 0.559   |E|=1766   LCC= 161   PR=0.0792   R_g=0.838   R_c=0.943   (5.9s)
  f = 0.590   |E|=1641   LCC= 119   PR=0.0601   R_g=0.823   R_c=0.942   (6.4s)
  f = 0.621   |E|=1517   LCC=  94   PR=0.0434   R_g=0.795   R_c=0.941   (7.5s)
  f = 0.652   |E|=1393   LCC=  92   PR=0.0371   R_g=0.776   R_c=0.943   (8.2s)
  f = 0.683   |E|=1269   LCC=  70   PR=0.0278   R_g=0.723   R_c=0.953   (9.0s)
  f = 0.714   |E|=1145   LCC=  52   PR=0.0184   R_g=0.677   R_c=0.958   (10.4s)
  f = 0.745   |E|=1021   LCC=  50   PR=0.0146   R_g=0.684   R_c=0.957   (10.8s)
  f = 0.776   |E|= 897   LCC=  36   PR=0.0105   R_g=0.624   R_c=0.960   (11.9s)
  f = 0.807   |E|= 772   LCC=  29   PR=0.0080   R_g=0.571   R_c=0.967   (12.6s)
  f = 0.838   |E|= 648   LCC=  25   PR=0.0057   R_g=0.523   R_c=0.969   (14.1s)
  f = 0.869   |E|= 524   LCC=  14   PR=0.0039   R_g=0.453   R_c=0.978   (14.8s)
  f = 0.900   |E|= 400   LCC=  14   PR=0.0027   R_g=0.420   R_c=0.982   (17.1s)

Total wall-time: 7.5 min

>>> f_c (LCC crosses N/2)   ≈ 0.321
>>> f_c (steepest dLCC/df)  ≈ 0.279

✓ All outputs in: /Users/anni/Desktop/Tinkering Lab/FHN_new/NewCodes/runs/percolation/out
