canonical: a_Hopf(0.06)=0.6828, a=0.65, distance=0.0328, period=55.00

=== eps=0.06  a_Hopf=0.6828  a=0.6500  period=55.00  scale=1.000  T=1200.0 burn_in=300.0 ===
   calibrated K_ref=0.3229 (factor 0.923) so R(sigma=0.05)~0.9685
   K=0.18 sigma=0.050  R=0.95647+-0.00071  (1-R)K/s^2=3.2131  (264s)
   K=0.32 sigma=0.050  R=0.96942+-0.00084  (1-R)K/s^2=3.9507  (362s)
   K=0.46 sigma=0.050  R=0.97621+-0.00048  (1-R)K/s^2=4.3909  (461s)
   K=0.32 sigma=0.020  R=0.99298+-0.00015  (1-R)K/s^2=5.6674  (558s)
   K=0.32 sigma=0.100  R=0.92427+-0.00046  (1-R)K/s^2=2.4457  (658s)
   -> exponent=0.7390  R2=0.99507  ratio=3.934+-1.220 (+-31.0%)

=== eps=0.3  a_Hopf=0.5910  a=0.5582  period=17.48  scale=0.318  T=1200.0 burn_in=300.0 ===
   calibrated K_ref=0.2635 (factor 0.753) so R(sigma=0.05)~0.9685
   K=0.15 sigma=0.050  R=0.80539+-0.09168  (1-R)K/s^2=11.7203  (928s)
   K=0.26 sigma=0.050  R=0.94775+-0.02460  (1-R)K/s^2=5.5065  (1028s)
   K=0.38 sigma=0.050  R=0.98552+-0.00438  (1-R)K/s^2=2.1796  (1127s)
   K=0.26 sigma=0.020  R=0.90303+-0.12014  (1-R)K/s^2=63.8757  (1225s)
   K=0.26 sigma=0.100  R=0.94689+-0.00680  (1-R)K/s^2=1.3995  (1326s)
   -> exponent=0.0203  R2=0.00064  ratio=16.936+-26.553 (+-156.8%)

=== eps=0.8  a_Hopf=0.4176  a=0.3848  period=11.09  scale=0.202  T=1200.0 burn_in=300.0 ===
   calibrated K_ref=0.1642 (factor 0.469) so R(sigma=0.05)~0.9685
   K=0.09 sigma=0.050  R=0.84419+-0.08181  (1-R)K/s^2=5.8483  (1611s)
   K=0.16 sigma=0.050  R=0.95944+-0.01081  (1-R)K/s^2=2.6641  (1712s)
   K=0.23 sigma=0.050  R=0.97926+-0.00269  (1-R)K/s^2=1.9458  (1813s)
   K=0.16 sigma=0.020  R=0.99124+-0.00447  (1-R)K/s^2=3.5964  (1911s)
   K=0.16 sigma=0.100  R=0.86990+-0.01027  (1-R)K/s^2=2.1364  (2016s)
   -> exponent=0.9515  R2=0.86865  ratio=3.238+-1.593 (+-49.2%)

==================================================================
   eps        a   exponent       R2    spread
  0.06   0.6500     0.7390  0.99507     31.0%
   0.3   0.5582     0.0203  0.00064    156.8%
   0.8   0.3848     0.9515  0.86865     49.2%

PREDICTION if localization is correct: exponent -> 1, spread shrinks monotonically with eps
Total wall-time: 33.6 min
