grid: 5 K x 5 sigma, 3 networks x 3 trials, Stage 1 only
K     = [np.float64(0.175), np.float64(0.2475), np.float64(0.35), np.float64(0.495), np.float64(0.7)]
sigma = [np.float64(0.02), np.float64(0.0299), np.float64(0.0447), np.float64(0.0669), np.float64(0.1)]
  K=0.1750 sigma=0.0200  R=0.98291+-0.00177  1-R=0.01709  (33s)
  K=0.1750 sigma=0.0299  R=0.97222+-0.00270  1-R=0.02778  (73s)
  K=0.1750 sigma=0.0447  R=0.95667+-0.00244  1-R=0.04333  (119s)
  K=0.1750 sigma=0.0669  R=0.93140+-0.00282  1-R=0.06860  (153s)
  K=0.1750 sigma=0.1000  R=0.90053+-0.00285  1-R=0.09947  (187s)
  K=0.2475 sigma=0.0200  R=0.98739+-0.00079  1-R=0.01261  (219s)
  K=0.2475 sigma=0.0299  R=0.97976+-0.00097  1-R=0.02024  (252s)
  K=0.2475 sigma=0.0447  R=0.96575+-0.00195  1-R=0.03425  (286s)
  K=0.2475 sigma=0.0669  R=0.94293+-0.00184  1-R=0.05707  (319s)
  K=0.2475 sigma=0.1000  R=0.91152+-0.00141  1-R=0.08848  (353s)
  K=0.3500 sigma=0.0200  R=0.99118+-0.00085  1-R=0.00882  (385s)
  K=0.3500 sigma=0.0299  R=0.98475+-0.00065  1-R=0.01525  (418s)
  K=0.3500 sigma=0.0447  R=0.97336+-0.00097  1-R=0.02664  (451s)
  K=0.3500 sigma=0.0669  R=0.95346+-0.00096  1-R=0.04654  (484s)
  K=0.3500 sigma=0.1000  R=0.92547+-0.00181  1-R=0.07453  (517s)
  K=0.4950 sigma=0.0200  R=0.99413+-0.00041  1-R=0.00587  (550s)
  K=0.4950 sigma=0.0299  R=0.98886+-0.00043  1-R=0.01114  (582s)
  K=0.4950 sigma=0.0447  R=0.97932+-0.00028  1-R=0.02068  (615s)
  K=0.4950 sigma=0.0669  R=0.96231+-0.00102  1-R=0.03769  (648s)
  K=0.4950 sigma=0.1000  R=0.93752+-0.00194  1-R=0.06248  (681s)
  K=0.7000 sigma=0.0200  R=0.99584+-0.00015  1-R=0.00416  (713s)
  K=0.7000 sigma=0.0299  R=0.99175+-0.00032  1-R=0.00825  (746s)
  K=0.7000 sigma=0.0447  R=0.98420+-0.00048  1-R=0.01580  (779s)
  K=0.7000 sigma=0.0669  R=0.97070+-0.00142  1-R=0.02930  (811s)
  K=0.7000 sigma=0.1000  R=0.94775+-0.00136  1-R=0.05225  (845s)

==================================================================
INDEPENDENT FIT   1-R = 0.7685 * K^p * sigma^q     (n=25)
   p = -0.7439 +- 0.0440
   q = +1.3431 +- 0.0379
   R^2(log) = 0.98594
   q + 2p = -0.1447 +- 0.0958   (sigma^2/K requires 0)  -> 1.51 sigma
   effective sigma^2/K exponent = 0.7439 (from p),  0.6715 (from q)

Total wall-time: 14.1 min
