
======================================================================
MULTI-NETWORK ROBUSTNESS — betweenness ablation
  5 networks  ×  10 stages  ×  3 trials   (N=1000)
  K=0.2,  a=0.65,  ablation_max=0.85
  master_seed=20260529
======================================================================


######################################################################
#  NETWORK 1/5    (master_seed=676407802)
######################################################################

================================================================
Alzheimer's FHN network — disease progression by ablation
================================================================
  N=1000  K=0.2  a=0.65  ε=0.06  I=0.3
  stages=10  trials=3  ablation_max=0.85  strategy=betweenness
  master_seed=676407802

Building healthy Watts-Strogatz network ...
  ⟨k⟩=8.00  |E|=4000
Computing edge-betweenness on healthy graph (one-shot) ...
  done in 1.1s

Stage  1/10: ablated 0%  |E|=4000  CC=1  largest=1000  clust=0.477  eff=0.214  mod=0.711
  trial 1/3: R_glob=0.9541  R_comp=0.9541  (4.1s)
  trial 2/3: R_glob=0.9540  R_comp=0.9540  (3.8s)
  trial 3/3: R_glob=0.9544  R_comp=0.9544  (3.8s)

Stage  2/10: ablated 9%  |E|=3622  CC=1  largest=1000  clust=0.572  eff=0.086  mod=0.774
  trial 1/3: R_glob=0.9313  R_comp=0.9313  (3.8s)
  trial 2/3: R_glob=0.9357  R_comp=0.9357  (3.8s)
  trial 3/3: R_glob=0.9327  R_comp=0.9327  (3.9s)

Stage  3/10: ablated 19%  |E|=3244  CC=2  largest=999  clust=0.597  eff=0.041  mod=0.859
  trial 1/3: R_glob=0.9183  R_comp=0.9195  (3.9s)
  trial 2/3: R_glob=0.9316  R_comp=0.9316  (3.8s)
  trial 3/3: R_glob=0.9204  R_comp=0.9205  (3.8s)

Stage  4/10: ablated 28%  |E|=2867  CC=4  largest=997  clust=0.602  eff=0.036  mod=0.897
  trial 1/3: R_glob=0.9137  R_comp=0.9158  (3.8s)
  trial 2/3: R_glob=0.9253  R_comp=0.9259  (3.8s)
  trial 3/3: R_glob=0.9316  R_comp=0.9336  (3.8s)

Stage  5/10: ablated 38%  |E|=2489  CC=18  largest=411  clust=0.581  eff=0.024  mod=0.930
  trial 1/3: R_glob=0.9212  R_comp=0.9336  (4.5s)
  trial 2/3: R_glob=0.9017  R_comp=0.9153  (4.4s)
  trial 3/3: R_glob=0.9121  R_comp=0.9273  (4.4s)

Stage  6/10: ablated 47%  |E|=2111  CC=45  largest=404  clust=0.540  eff=0.020  mod=0.942
  trial 1/3: R_glob=0.8872  R_comp=0.9269  (4.8s)
  trial 2/3: R_glob=0.8922  R_comp=0.9245  (4.8s)
  trial 3/3: R_glob=0.8822  R_comp=0.9184  (4.8s)

Stage  7/10: ablated 57%  |E|=1733  CC=117  largest=181  clust=0.491  eff=0.012  mod=0.958
  trial 1/3: R_glob=0.8343  R_comp=0.9244  (6.7s)
  trial 2/3: R_glob=0.8341  R_comp=0.9282  (6.6s)
  trial 3/3: R_glob=0.8494  R_comp=0.9302  (6.6s)

Stage  8/10: ablated 66%  |E|=1356  CC=211  largest=65  clust=0.404  eff=0.008  mod=0.965
  trial 1/3: R_glob=0.7643  R_comp=0.9314  (8.5s)
  trial 2/3: R_glob=0.7579  R_comp=0.9276  (8.4s)
  trial 3/3: R_glob=0.7689  R_comp=0.9321  (8.4s)

Stage  9/10: ablated 76%  |E|=978  CC=357  largest=34  clust=0.319  eff=0.004  mod=0.975
  trial 1/3: R_glob=0.6377  R_comp=0.9518  (11.4s)
  trial 2/3: R_glob=0.6729  R_comp=0.9394  (11.4s)
  trial 3/3: R_glob=0.6458  R_comp=0.9460  (11.4s)

Stage 10/10: ablated 85%  |E|=600  CC=549  largest=20  clust=0.194  eff=0.002  mod=0.981
  trial 1/3: R_glob=0.5101  R_comp=0.9601  (14.6s)
  trial 2/3: R_glob=0.5357  R_comp=0.9621  (14.6s)
  trial 3/3: R_glob=0.5256  R_comp=0.9599  (14.5s)

Total wall-time: 251.4s


######################################################################
#  NETWORK 2/5    (master_seed=1960940411)
######################################################################

================================================================
Alzheimer's FHN network — disease progression by ablation
================================================================
  N=1000  K=0.2  a=0.65  ε=0.06  I=0.3
  stages=10  trials=3  ablation_max=0.85  strategy=betweenness
  master_seed=1960940411

Building healthy Watts-Strogatz network ...
  ⟨k⟩=8.00  |E|=4000
Computing edge-betweenness on healthy graph (one-shot) ...
  done in 1.2s

Stage  1/10: ablated 0%  |E|=4000  CC=1  largest=1000  clust=0.468  eff=0.217  mod=0.686
  trial 1/3: R_glob=0.9547  R_comp=0.9547  (3.9s)
  trial 2/3: R_glob=0.9545  R_comp=0.9545  (3.8s)
  trial 3/3: R_glob=0.9541  R_comp=0.9541  (3.8s)

Stage  2/10: ablated 9%  |E|=3622  CC=1  largest=1000  clust=0.561  eff=0.116  mod=0.776
  trial 1/3: R_glob=0.9414  R_comp=0.9414  (3.8s)
  trial 2/3: R_glob=0.9388  R_comp=0.9388  (3.9s)
  trial 3/3: R_glob=0.9419  R_comp=0.9419  (3.8s)

Stage  3/10: ablated 19%  |E|=3244  CC=4  largest=997  clust=0.599  eff=0.040  mod=0.847
  trial 1/3: R_glob=0.9249  R_comp=0.9269  (3.8s)
  trial 2/3: R_glob=0.9266  R_comp=0.9281  (3.8s)
  trial 3/3: R_glob=0.9209  R_comp=0.9237  (3.8s)

Stage  4/10: ablated 28%  |E|=2867  CC=11  largest=816  clust=0.604  eff=0.032  mod=0.887
  trial 1/3: R_glob=0.9207  R_comp=0.9288  (4.1s)
  trial 2/3: R_glob=0.9158  R_comp=0.9218  (4.0s)
  trial 3/3: R_glob=0.9136  R_comp=0.9226  (4.1s)

Stage  5/10: ablated 38%  |E|=2489  CC=33  largest=410  clust=0.580  eff=0.023  mod=0.927
  trial 1/3: R_glob=0.8977  R_comp=0.9195  (4.6s)
  trial 2/3: R_glob=0.8906  R_comp=0.9255  (4.5s)
  trial 3/3: R_glob=0.8960  R_comp=0.9199  (4.5s)

Stage  6/10: ablated 47%  |E|=2111  CC=75  largest=393  clust=0.542  eff=0.018  mod=0.943
  trial 1/3: R_glob=0.8528  R_comp=0.9167  (5.5s)
  trial 2/3: R_glob=0.8514  R_comp=0.9102  (5.5s)
  trial 3/3: R_glob=0.8603  R_comp=0.9316  (5.5s)

Stage  7/10: ablated 57%  |E|=1733  CC=138  largest=158  clust=0.474  eff=0.011  mod=0.955
  trial 1/3: R_glob=0.8127  R_comp=0.9363  (7.0s)
  trial 2/3: R_glob=0.8249  R_comp=0.9283  (6.9s)
  trial 3/3: R_glob=0.8208  R_comp=0.9396  (7.0s)

Stage  8/10: ablated 66%  |E|=1356  CC=231  largest=66  clust=0.404  eff=0.007  mod=0.965
  trial 1/3: R_glob=0.7241  R_comp=0.9383  (9.4s)
  trial 2/3: R_glob=0.7269  R_comp=0.9318  (9.3s)
  trial 3/3: R_glob=0.7357  R_comp=0.9318  (9.5s)

Stage  9/10: ablated 76%  |E|=978  CC=367  largest=41  clust=0.297  eff=0.004  mod=0.975
  trial 1/3: R_glob=0.6537  R_comp=0.9454  (11.5s)
  trial 2/3: R_glob=0.6316  R_comp=0.9240  (11.5s)
  trial 3/3: R_glob=0.6509  R_comp=0.9464  (11.4s)

Stage 10/10: ablated 85%  |E|=600  CC=568  largest=14  clust=0.204  eff=0.002  mod=0.980
  trial 1/3: R_glob=0.5401  R_comp=0.9602  (13.5s)
  trial 2/3: R_glob=0.5114  R_comp=0.9623  (13.4s)
  trial 3/3: R_glob=0.5396  R_comp=0.9621  (13.4s)

Total wall-time: 253.9s


######################################################################
#  NETWORK 3/5    (master_seed=420919611)
######################################################################

================================================================
Alzheimer's FHN network — disease progression by ablation
================================================================
  N=1000  K=0.2  a=0.65  ε=0.06  I=0.3
  stages=10  trials=3  ablation_max=0.85  strategy=betweenness
  master_seed=420919611

Building healthy Watts-Strogatz network ...
  ⟨k⟩=8.00  |E|=4000
Computing edge-betweenness on healthy graph (one-shot) ...
  done in 1.2s

Stage  1/10: ablated 0%  |E|=4000  CC=1  largest=1000  clust=0.476  eff=0.215  mod=0.705
  trial 1/3: R_glob=0.9559  R_comp=0.9559  (3.9s)
  trial 2/3: R_glob=0.9540  R_comp=0.9540  (3.8s)
  trial 3/3: R_glob=0.9539  R_comp=0.9539  (3.8s)

Stage  2/10: ablated 9%  |E|=3622  CC=1  largest=1000  clust=0.570  eff=0.106  mod=0.767
  trial 1/3: R_glob=0.9335  R_comp=0.9335  (3.8s)
  trial 2/3: R_glob=0.9223  R_comp=0.9223  (3.8s)
  trial 3/3: R_glob=0.9423  R_comp=0.9423  (3.8s)

Stage  3/10: ablated 19%  |E|=3244  CC=4  largest=997  clust=0.596  eff=0.040  mod=0.849
  trial 1/3: R_glob=0.9252  R_comp=0.9280  (3.8s)
  trial 2/3: R_glob=0.9210  R_comp=0.9224  (3.7s)
  trial 3/3: R_glob=0.9300  R_comp=0.9310  (3.8s)

Stage  4/10: ablated 28%  |E|=2867  CC=12  largest=888  clust=0.603  eff=0.033  mod=0.893
  trial 1/3: R_glob=0.9149  R_comp=0.9230  (3.9s)
  trial 2/3: R_glob=0.9103  R_comp=0.9171  (3.9s)
  trial 3/3: R_glob=0.9119  R_comp=0.9177  (3.9s)

Stage  5/10: ablated 38%  |E|=2489  CC=32  largest=459  clust=0.596  eff=0.025  mod=0.936
  trial 1/3: R_glob=0.9007  R_comp=0.9221  (4.7s)
  trial 2/3: R_glob=0.9048  R_comp=0.9333  (4.6s)
  trial 3/3: R_glob=0.9024  R_comp=0.9285  (4.6s)

Stage  6/10: ablated 47%  |E|=2111  CC=72  largest=307  clust=0.560  eff=0.018  mod=0.947
  trial 1/3: R_glob=0.8698  R_comp=0.9242  (5.7s)
  trial 2/3: R_glob=0.8631  R_comp=0.9204  (5.7s)
  trial 3/3: R_glob=0.8608  R_comp=0.9126  (5.6s)

Stage  7/10: ablated 57%  |E|=1733  CC=139  largest=98  clust=0.502  eff=0.011  mod=0.957
  trial 1/3: R_glob=0.7931  R_comp=0.9325  (7.3s)
  trial 2/3: R_glob=0.8091  R_comp=0.9287  (7.2s)
  trial 3/3: R_glob=0.8062  R_comp=0.9343  (7.3s)

Stage  8/10: ablated 66%  |E|=1356  CC=228  largest=70  clust=0.421  eff=0.008  mod=0.964
  trial 1/3: R_glob=0.7734  R_comp=0.9271  (8.4s)
  trial 2/3: R_glob=0.7449  R_comp=0.9325  (8.4s)
  trial 3/3: R_glob=0.7346  R_comp=0.9200  (8.4s)

Stage  9/10: ablated 76%  |E|=978  CC=362  largest=49  clust=0.318  eff=0.004  mod=0.972
  trial 1/3: R_glob=0.6359  R_comp=0.9389  (11.0s)
  trial 2/3: R_glob=0.6249  R_comp=0.9435  (11.0s)
  trial 3/3: R_glob=0.6442  R_comp=0.9413  (11.0s)

Stage 10/10: ablated 85%  |E|=600  CC=551  largest=20  clust=0.203  eff=0.002  mod=0.982
  trial 1/3: R_glob=0.4995  R_comp=0.9593  (14.7s)
  trial 2/3: R_glob=0.5376  R_comp=0.9604  (14.6s)
  trial 3/3: R_glob=0.5067  R_comp=0.9588  (14.9s)

Total wall-time: 254.1s


######################################################################
#  NETWORK 4/5    (master_seed=115042767)
######################################################################

================================================================
Alzheimer's FHN network — disease progression by ablation
================================================================
  N=1000  K=0.2  a=0.65  ε=0.06  I=0.3
  stages=10  trials=3  ablation_max=0.85  strategy=betweenness
  master_seed=115042767

Building healthy Watts-Strogatz network ...
  ⟨k⟩=8.00  |E|=4000
Computing edge-betweenness on healthy graph (one-shot) ...
  done in 1.2s

Stage  1/10: ablated 0%  |E|=4000  CC=1  largest=1000  clust=0.470  eff=0.217  mod=0.697
  trial 1/3: R_glob=0.9541  R_comp=0.9541  (3.9s)
  trial 2/3: R_glob=0.9544  R_comp=0.9544  (3.8s)
  trial 3/3: R_glob=0.9539  R_comp=0.9539  (3.8s)

Stage  2/10: ablated 9%  |E|=3622  CC=1  largest=1000  clust=0.563  eff=0.108  mod=0.782
  trial 1/3: R_glob=0.9273  R_comp=0.9273  (5.0s)
  trial 2/3: R_glob=0.9426  R_comp=0.9426  (6.6s)
  trial 3/3: R_glob=0.9294  R_comp=0.9294  (4.0s)

Stage  3/10: ablated 19%  |E|=3244  CC=2  largest=999  clust=0.591  eff=0.040  mod=0.841
  trial 1/3: R_glob=0.9242  R_comp=0.9245  (4.0s)
  trial 2/3: R_glob=0.9195  R_comp=0.9202  (4.0s)
  trial 3/3: R_glob=0.9278  R_comp=0.9280  (3.9s)

Stage  4/10: ablated 28%  |E|=2867  CC=9  largest=663  clust=0.594  eff=0.031  mod=0.907
  trial 1/3: R_glob=0.9261  R_comp=0.9290  (4.1s)
  trial 2/3: R_glob=0.9175  R_comp=0.9236  (902.0s)
  trial 3/3: R_glob=0.9117  R_comp=0.9192  (6.0s)

Stage  5/10: ablated 38%  |E|=2489  CC=28  largest=606  clust=0.575  eff=0.026  mod=0.939
  trial 1/3: R_glob=0.8925  R_comp=0.9150  (6.8s)
  trial 2/3: R_glob=0.8974  R_comp=0.9188  (6.6s)
  trial 3/3: R_glob=0.8946  R_comp=0.9150  (6.6s)

Stage  6/10: ablated 47%  |E|=2111  CC=69  largest=223  clust=0.547  eff=0.016  mod=0.955
  trial 1/3: R_glob=0.8706  R_comp=0.9332  (8.7s)
  trial 2/3: R_glob=0.8655  R_comp=0.9185  (8.8s)
  trial 3/3: R_glob=0.8618  R_comp=0.9086  (8.5s)

Stage  7/10: ablated 57%  |E|=1733  CC=136  largest=76  clust=0.497  eff=0.010  mod=0.963
  trial 1/3: R_glob=0.8138  R_comp=0.9234  (11.4s)
  trial 2/3: R_glob=0.8338  R_comp=0.9291  (11.4s)
  trial 3/3: R_glob=0.7941  R_comp=0.9244  (11.5s)

Stage  8/10: ablated 66%  |E|=1356  CC=235  largest=54  clust=0.410  eff=0.007  mod=0.971
  trial 1/3: R_glob=0.7600  R_comp=0.9389  (14.2s)
  trial 2/3: R_glob=0.7585  R_comp=0.9420  (14.3s)
  trial 3/3: R_glob=0.7356  R_comp=0.9351  (14.2s)

Stage  9/10: ablated 76%  |E|=978  CC=372  largest=36  clust=0.317  eff=0.004  mod=0.978
  trial 1/3: R_glob=0.6471  R_comp=0.9439  (19.0s)
  trial 2/3: R_glob=0.6803  R_comp=0.9509  (900.7s)
  trial 3/3: R_glob=0.6469  R_comp=0.9520  (19.5s)

Stage 10/10: ablated 85%  |E|=600  CC=558  largest=15  clust=0.202  eff=0.002  mod=0.983
  trial 1/3: R_glob=0.5221  R_comp=0.9603  (24.9s)
  trial 2/3: R_glob=0.5296  R_comp=0.9608  (25.0s)
  trial 3/3: R_glob=0.5067  R_comp=0.9631  (26.5s)

Total wall-time: 2161.2s


######################################################################
#  NETWORK 5/5    (master_seed=4056917832)
######################################################################

================================================================
Alzheimer's FHN network — disease progression by ablation
================================================================
  N=1000  K=0.2  a=0.65  ε=0.06  I=0.3
  stages=10  trials=3  ablation_max=0.85  strategy=betweenness
  master_seed=4056917832

Building healthy Watts-Strogatz network ...
  ⟨k⟩=8.00  |E|=4000
Computing edge-betweenness on healthy graph (one-shot) ...
  done in 2.1s

Stage  1/10: ablated 0%  |E|=4000  CC=1  largest=1000  clust=0.474  eff=0.217  mod=0.671
  trial 1/3: R_glob=0.9565  R_comp=0.9565  (6.7s)
  trial 2/3: R_glob=0.9578  R_comp=0.9578  (6.5s)
  trial 3/3: R_glob=0.9550  R_comp=0.9550  (6.5s)

Stage  2/10: ablated 9%  |E|=3622  CC=1  largest=1000  clust=0.569  eff=0.105  mod=0.751
  trial 1/3: R_glob=0.9356  R_comp=0.9356  (6.7s)
  trial 2/3: R_glob=0.9381  R_comp=0.9381  (6.7s)
  trial 3/3: R_glob=0.9423  R_comp=0.9423  (6.5s)

Stage  3/10: ablated 19%  |E|=3244  CC=2  largest=999  clust=0.602  eff=0.040  mod=0.809
  trial 1/3: R_glob=0.9261  R_comp=0.9265  (6.4s)
  trial 2/3: R_glob=0.9163  R_comp=0.9169  (6.5s)
  trial 3/3: R_glob=0.9100  R_comp=0.9109  (6.6s)

Stage  4/10: ablated 28%  |E|=2867  CC=10  largest=991  clust=0.595  eff=0.036  mod=0.888
  trial 1/3: R_glob=0.9184  R_comp=0.9249  (6.7s)
  trial 2/3: R_glob=0.9244  R_comp=0.9307  (6.7s)
  trial 3/3: R_glob=0.9179  R_comp=0.9258  (6.6s)

Stage  5/10: ablated 38%  |E|=2489  CC=26  largest=319  clust=0.581  eff=0.024  mod=0.935
  trial 1/3: R_glob=0.8824  R_comp=0.9008  (7.6s)
  trial 2/3: R_glob=0.9109  R_comp=0.9289  (7.6s)
  trial 3/3: R_glob=0.9168  R_comp=0.9323  (20.4s)

Stage  6/10: ablated 47%  |E|=2111  CC=64  largest=172  clust=0.554  eff=0.017  mod=0.948
  trial 1/3: R_glob=0.8749  R_comp=0.9179  (911.2s)
  trial 2/3: R_glob=0.8717  R_comp=0.9265  (9.9s)
  trial 3/3: R_glob=0.8651  R_comp=0.9100  (8.8s)

Stage  7/10: ablated 57%  |E|=1733  CC=119  largest=96  clust=0.488  eff=0.011  mod=0.961
  trial 1/3: R_glob=0.8445  R_comp=0.9329  (11.2s)
  trial 2/3: R_glob=0.8240  R_comp=0.9284  (11.4s)
  trial 3/3: R_glob=0.8296  R_comp=0.9282  (11.4s)

Stage  8/10: ablated 66%  |E|=1356  CC=225  largest=53  clust=0.411  eff=0.007  mod=0.969
  trial 1/3: R_glob=0.7468  R_comp=0.9305  (14.9s)
  trial 2/3: R_glob=0.7629  R_comp=0.9360  (388.2s)
  trial 3/3: R_glob=0.7540  R_comp=0.9272  (14.8s)

Stage  9/10: ablated 76%  |E|=978  CC=349  largest=30  clust=0.314  eff=0.004  mod=0.978
  trial 1/3: R_glob=0.6481  R_comp=0.9366  (20.6s)
  trial 2/3: R_glob=0.6490  R_comp=0.9448  (21.1s)
  trial 3/3: R_glob=0.6416  R_comp=0.9510  (158.5s)

Stage 10/10: ablated 85%  |E|=600  CC=538  largest=23  clust=0.190  eff=0.002  mod=0.981
  trial 1/3: R_glob=0.5117  R_comp=0.9617  (24.4s)
  trial 2/3: R_glob=0.5178  R_comp=0.9602  (24.8s)
  trial 3/3: R_glob=0.5082  R_comp=0.9598  (23.6s)

Total wall-time: 3708.4s


>>> Total wall-time: 110.6 min

======================================================================
PAIRED STATISTICAL TESTS  (Stage 1 vs Stage 10)
  Each network contributes one paired observation.
======================================================================

R_global:
  Stage 1   : 0.9548 ± 0.0009   (n=5 networks)
  Stage 10  : 0.5201 ± 0.0072
  Δ (paired): -0.4346 ± 0.0078
  Paired t  : t = -124.674,  p = 2.482e-08
  Wilcoxon  : W = 0.0,  p = 0.0625
  Cohen's d : -55.756   (large effect)

R_component:
  Stage 1   : 0.9548 ± 0.0009   (n=5 networks)
  Stage 10  : 0.9607 ± 0.0008
  Δ (paired): +0.0060 ± 0.0014
  Paired t  : t = +9.647,  p = 0.0006458
  Wilcoxon  : W = 0.0,  p = 0.0625
  Cohen's d : +4.314   (large effect)

======================================================================
PAPER-READY SUMMARY SENTENCE
======================================================================

Across n=5 independent Watts-Strogatz realizations, R_global decreased significantly from healthy (Stage 1: 0.955 ± 0.001) to advanced ablation (Stage 10: 0.520 ± 0.007); paired t = -124.67, p = 2.48e-08, Cohen's d = -55.76. R_component changed by only Δ = +0.006, confirming that desynchronization is structural rather than dynamical.

✓ All outputs in: /Users/anni/Desktop/Tinkering Lab/FHN_new/NewCodes/runs/K020/out
