
RECORDING-WINDOW CONVERGENCE CHECK
  T_canonical=400.0  T_long=6400.0  block=400.0
  stages=(10, 1)  networks=3  trials=3
  eps_spread=0.0
  outdir=alzheimers_window_convergence_T6400

================================================================
NETWORK 1/3  (seed=676407802)
================================================================
  betweenness done in 1.1s, |E|_0=4000

  --- Stage 10  f=0.85  |E|=600  comps=546  LCC=17  PR=0.00477 ---
    trial 0: R_g[0:400]=0.4915  R_g[0:6400]=0.3317  (225.7s)
    trial 1: R_g[0:400]=0.5185  R_g[0:6400]=0.3372  (230.1s)
    trial 2: R_g[0:400]=0.5039  R_g[0:6400]=0.3333  (230.6s)

  --- Stage 1  f=0.00  |E|=4000  comps=1  LCC=1000  PR=1.00000 ---
    trial 0: R_g[0:400]=0.9670  R_g[0:6400]=0.9705  (50.8s)
    trial 1: R_g[0:400]=0.9679  R_g[0:6400]=0.9703  (50.8s)
    trial 2: R_g[0:400]=0.9673  R_g[0:6400]=0.9704  (51.0s)

================================================================
NETWORK 2/3  (seed=1960940411)
================================================================
  betweenness done in 1.2s, |E|_0=4000

  --- Stage 10  f=0.85  |E|=600  comps=558  LCC=22  PR=0.00484 ---
    trial 0: R_g[0:400]=0.5195  R_g[0:6400]=0.3379  (215.5s)
    trial 1: R_g[0:400]=0.5179  R_g[0:6400]=0.3337  (213.0s)
    trial 2: R_g[0:400]=0.5208  R_g[0:6400]=0.3366  (213.7s)

  --- Stage 1  f=0.00  |E|=4000  comps=1  LCC=1000  PR=1.00000 ---
    trial 0: R_g[0:400]=0.9686  R_g[0:6400]=0.9709  (50.7s)
    trial 1: R_g[0:400]=0.9699  R_g[0:6400]=0.9710  (50.7s)
    trial 2: R_g[0:400]=0.9693  R_g[0:6400]=0.9713  (50.7s)

================================================================
NETWORK 3/3  (seed=420919611)
================================================================
  betweenness done in 1.2s, |E|_0=4000

  --- Stage 10  f=0.85  |E|=600  comps=542  LCC=20  PR=0.00499 ---
    trial 0: R_g[0:400]=0.4870  R_g[0:6400]=0.3162  (224.7s)
    trial 1: R_g[0:400]=0.5258  R_g[0:6400]=0.3313  (224.3s)
    trial 2: R_g[0:400]=0.5337  R_g[0:6400]=0.3359  (224.5s)

  --- Stage 1  f=0.00  |E|=4000  comps=1  LCC=1000  PR=1.00000 ---
    trial 0: R_g[0:400]=0.9684  R_g[0:6400]=0.9712  (50.7s)
    trial 1: R_g[0:400]=0.9687  R_g[0:6400]=0.9713  (50.7s)
    trial 2: R_g[0:400]=0.9683  R_g[0:6400]=0.9712  (50.7s)

Total wall-time: 41.0 min

--- Stage 10 / R_global ---
  block |   t range    | prefix mean | block mean
     1  |     0-  400 |   0.5132    |   0.5132
     2  |   400-  800 |   0.4697    |   0.4262
     3  |   800- 1200 |   0.4407    |   0.3828
     4  |  1200- 1600 |   0.4180    |   0.3500
     5  |  1600- 2000 |   0.4029    |   0.3421
     6  |  2000- 2400 |   0.3914    |   0.3342
     7  |  2400- 2800 |   0.3804    |   0.3146
     8  |  2800- 3200 |   0.3715    |   0.3089
     9  |  3200- 3600 |   0.3643    |   0.3066
    10  |  3600- 4000 |   0.3574    |   0.2949
    11  |  4000- 4400 |   0.3518    |   0.2963
    12  |  4400- 4800 |   0.3468    |   0.2922
    13  |  4800- 5200 |   0.3424    |   0.2896
    14  |  5200- 5600 |   0.3389    |   0.2925
    15  |  5600- 6000 |   0.3356    |   0.2896
    16  |  6000- 6400 |   0.3326    |   0.2885
  prefix shift [0,400] -> [0,6400] = -0.1805 ± 0.0113
  block slope = -0.01071 ± 0.00121 per 400 t.u.
  block 1 -> block 16 = -0.2246 ± 0.0168
  verdict: STILL DRIFTING
  asymptote fit: R_inf=0.2920 ± 0.0026   tau=1004 ± 62   R^2=0.9904
    tau resolved within window: True
    PR bound R_c*sqrt(PR) = 0.0680   (R_inf - bound = +0.2240)

--- Stage 10 / R_component ---
  block |   t range    | prefix mean | block mean
     1  |     0-  400 |   0.9714    |   0.9714
     2  |   400-  800 |   0.9732    |   0.9750
     3  |   800- 1200 |   0.9738    |   0.9751
     4  |  1200- 1600 |   0.9738    |   0.9737
     5  |  1600- 2000 |   0.9740    |   0.9748
     6  |  2000- 2400 |   0.9741    |   0.9749
     7  |  2400- 2800 |   0.9741    |   0.9738
     8  |  2800- 3200 |   0.9741    |   0.9739
     9  |  3200- 3600 |   0.9741    |   0.9742
    10  |  3600- 4000 |   0.9741    |   0.9738
    11  |  4000- 4400 |   0.9741    |   0.9743
    12  |  4400- 4800 |   0.9741    |   0.9745
    13  |  4800- 5200 |   0.9741    |   0.9738
    14  |  5200- 5600 |   0.9741    |   0.9748
    15  |  5600- 6000 |   0.9742    |   0.9744
    16  |  6000- 6400 |   0.9742    |   0.9745
  prefix shift [0,400] -> [0,6400] = +0.0028 ± 0.0019
  block slope = +0.00005 ± 0.00010 per 400 t.u.
  block 1 -> block 16 = +0.0031 ± 0.0033
  verdict: WINDOW-STABLE

--- Stage 1 / R_global ---
  block |   t range    | prefix mean | block mean
     1  |     0-  400 |   0.9684    |   0.9684
     2  |   400-  800 |   0.9699    |   0.9714
     3  |   800- 1200 |   0.9709    |   0.9727
     4  |  1200- 1600 |   0.9704    |   0.9691
     5  |  1600- 2000 |   0.9707    |   0.9721
     6  |  2000- 2400 |   0.9709    |   0.9716
     7  |  2400- 2800 |   0.9708    |   0.9702
     8  |  2800- 3200 |   0.9709    |   0.9717
     9  |  3200- 3600 |   0.9707    |   0.9694
    10  |  3600- 4000 |   0.9709    |   0.9722
    11  |  4000- 4400 |   0.9710    |   0.9719
    12  |  4400- 4800 |   0.9708    |   0.9687
    13  |  4800- 5200 |   0.9709    |   0.9718
    14  |  5200- 5600 |   0.9710    |   0.9723
    15  |  5600- 6000 |   0.9708    |   0.9689
    16  |  6000- 6400 |   0.9709    |   0.9718
  prefix shift [0,400] -> [0,6400] = +0.0025 ± 0.0007
  block slope = +0.00003 ± 0.00006 per 400 t.u.
  block 1 -> block 16 = +0.0035 ± 0.0014
  verdict: WINDOW-STABLE
  asymptote fit: R_inf=0.9709 ± 0.0117   tau=48543 ± 11904214239   R^2=-0.0000
    tau resolved within window: False
    PR bound R_c*sqrt(PR) = 0.9709   (R_inf - bound = -0.0000)

--- Stage 1 / R_component ---
  block |   t range    | prefix mean | block mean
     1  |     0-  400 |   0.9684    |   0.9684
     2  |   400-  800 |   0.9699    |   0.9714
     3  |   800- 1200 |   0.9709    |   0.9727
     4  |  1200- 1600 |   0.9704    |   0.9691
     5  |  1600- 2000 |   0.9707    |   0.9721
     6  |  2000- 2400 |   0.9709    |   0.9716
     7  |  2400- 2800 |   0.9708    |   0.9702
     8  |  2800- 3200 |   0.9709    |   0.9717
     9  |  3200- 3600 |   0.9707    |   0.9694
    10  |  3600- 4000 |   0.9709    |   0.9722
    11  |  4000- 4400 |   0.9710    |   0.9719
    12  |  4400- 4800 |   0.9708    |   0.9687
    13  |  4800- 5200 |   0.9709    |   0.9718
    14  |  5200- 5600 |   0.9710    |   0.9723
    15  |  5600- 6000 |   0.9708    |   0.9689
    16  |  6000- 6400 |   0.9709    |   0.9718
  prefix shift [0,400] -> [0,6400] = +0.0025 ± 0.0007
  block slope = +0.00003 ± 0.00006 per 400 t.u.
  block 1 -> block 16 = +0.0035 ± 0.0014
  verdict: WINDOW-STABLE

✓ All outputs in: /Users/anni/Desktop/Tinkering Lab/FHN_new/NewCodes/runs/convergence_normalized/alzheimers_window_convergence_T6400
