
================================================================
Alzheimer's FHN network — disease progression by ablation
================================================================
  N=1000  K=0.35  a=0.65  ε=0.06  I=0.3
  stages=10  trials=3  ablation_max=0.85  strategy=betweenness
  master_seed=20260529

Building healthy Watts-Strogatz network ...
  ⟨k⟩=8.00  |E|=4000
Computing edge-betweenness on healthy graph (one-shot) ...
  done in 1.1s

Stage  1/10: ablated 0%  |E|=4000  CC=1  largest=1000  clust=0.486  eff=0.212  mod=0.673
  trial 1/3: R_glob=0.9681  R_comp=0.9681  (3.7s)
  trial 2/3: R_glob=0.9696  R_comp=0.9696  (3.6s)
  trial 3/3: R_glob=0.9673  R_comp=0.9673  (3.6s)

Stage  2/10: ablated 9%  |E|=3622  CC=1  largest=1000  clust=0.580  eff=0.091  mod=0.761
  trial 1/3: R_glob=0.9560  R_comp=0.9560  (3.6s)
  trial 2/3: R_glob=0.9436  R_comp=0.9436  (3.6s)
  trial 3/3: R_glob=0.9469  R_comp=0.9469  (3.6s)

Stage  3/10: ablated 19%  |E|=3244  CC=3  largest=998  clust=0.605  eff=0.044  mod=0.838
  trial 1/3: R_glob=0.9435  R_comp=0.9450  (3.6s)
  trial 2/3: R_glob=0.9379  R_comp=0.9406  (3.6s)
  trial 3/3: R_glob=0.9472  R_comp=0.9494  (3.6s)

Stage  4/10: ablated 28%  |E|=2867  CC=8  largest=993  clust=0.612  eff=0.038  mod=0.875
  trial 1/3: R_glob=0.9387  R_comp=0.9445  (3.6s)
  trial 2/3: R_glob=0.9338  R_comp=0.9375  (3.6s)
  trial 3/3: R_glob=0.9278  R_comp=0.9350  (3.6s)

Stage  5/10: ablated 38%  |E|=2489  CC=29  largest=457  clust=0.595  eff=0.026  mod=0.922
  trial 1/3: R_glob=0.9173  R_comp=0.9404  (4.1s)
  trial 2/3: R_glob=0.9153  R_comp=0.9437  (4.1s)
  trial 3/3: R_glob=0.9147  R_comp=0.9386  (4.1s)

Stage  6/10: ablated 47%  |E|=2111  CC=66  largest=307  clust=0.560  eff=0.018  mod=0.942
  trial 1/3: R_glob=0.8796  R_comp=0.9274  (4.7s)
  trial 2/3: R_glob=0.8887  R_comp=0.9351  (4.7s)
  trial 3/3: R_glob=0.8834  R_comp=0.9418  (4.7s)

Stage  7/10: ablated 57%  |E|=1733  CC=120  largest=109  clust=0.496  eff=0.012  mod=0.954
  trial 1/3: R_glob=0.8566  R_comp=0.9458  (6.0s)
  trial 2/3: R_glob=0.8464  R_comp=0.9408  (5.9s)
  trial 3/3: R_glob=0.8511  R_comp=0.9446  (5.9s)

Stage  8/10: ablated 66%  |E|=1356  CC=210  largest=68  clust=0.408  eff=0.008  mod=0.965
  trial 1/3: R_glob=0.7479  R_comp=0.9466  (7.7s)
  trial 2/3: R_glob=0.7670  R_comp=0.9432  (7.6s)
  trial 3/3: R_glob=0.7322  R_comp=0.9462  (7.7s)

Stage  9/10: ablated 76%  |E|=978  CC=354  largest=30  clust=0.314  eff=0.004  mod=0.974
  trial 1/3: R_glob=0.6449  R_comp=0.9602  (10.2s)
  trial 2/3: R_glob=0.6465  R_comp=0.9563  (10.3s)
  trial 3/3: R_glob=0.6615  R_comp=0.9566  (10.3s)

Stage 10/10: ablated 85%  |E|=600  CC=546  largest=17  clust=0.213  eff=0.002  mod=0.982
  trial 1/3: R_glob=0.4947  R_comp=0.9724  (14.4s)
  trial 2/3: R_glob=0.5356  R_comp=0.9702  (14.4s)
  trial 3/3: R_glob=0.5143  R_comp=0.9728  (14.5s)

Total wall-time: 235.0s

Generating figures...
Computing layout on healthy graph for visualisation...

================================================================
RESULTS  (betweenness ablation)
================================================================
Stage   %abl    |E|   CC    R_global  R_component
    1     0%   4000    1   0.968±0.001   0.968±0.001
    2     9%   3622    1   0.949±0.003   0.949±0.003
    3    19%   3244    3   0.943±0.002   0.945±0.002
    4    28%   2867    8   0.933±0.003   0.939±0.002
    5    38%   2489   29   0.916±0.001   0.941±0.001
    6    47%   2111   66   0.884±0.002   0.935±0.003
    7    57%   1733  120   0.851±0.002   0.944±0.001
    8    66%   1356  210   0.749±0.008   0.945±0.001
    9    76%    978  354   0.651±0.004   0.958±0.001
   10    85%    600  546   0.515±0.010   0.972±0.001

✓ All outputs in: /Users/anni/Desktop/Tinkering Lab/FHN_new/NewCodes/runs/canonical_figs/alzheimers_results
