
======================================================================
MULTI-NETWORK ROBUSTNESS — betweenness ablation
  5 networks  ×  10 stages  ×  3 trials   (N=1000)
  K=0.35,  a=0.65,  ablation_max=0.85
  master_seed=20260529
======================================================================


######################################################################
#  NETWORK 1/5    (master_seed=676407802)
######################################################################

================================================================
Alzheimer's FHN network — disease progression by ablation
================================================================
  N=1000  K=0.35  a=0.65  ε=0.06  I=0.3
  stages=10  trials=3  ablation_max=0.85  strategy=betweenness
  master_seed=676407802

Building healthy Watts-Strogatz network ...
  ⟨k⟩=8.00  |E|=4000
Computing edge-betweenness on healthy graph (one-shot) ...
  done in 1.2s

Stage  1/10: ablated 0%  |E|=4000  CC=1  largest=1000  clust=0.477  eff=0.214  mod=0.711
  trial 1/3: R_glob=0.9923  R_comp=0.9923  (4.0s)
  trial 2/3: R_glob=0.9915  R_comp=0.9915  (3.7s)
  trial 3/3: R_glob=0.9925  R_comp=0.9925  (3.8s)

Stage  2/10: ablated 9%  |E|=3622  CC=1  largest=1000  clust=0.572  eff=0.086  mod=0.774
  trial 1/3: R_glob=0.9785  R_comp=0.9785  (3.7s)
  trial 2/3: R_glob=0.9750  R_comp=0.9750  (3.8s)
  trial 3/3: R_glob=0.9749  R_comp=0.9749  (3.8s)

Stage  3/10: ablated 19%  |E|=3244  CC=2  largest=999  clust=0.597  eff=0.041  mod=0.859
  trial 1/3: R_glob=0.9627  R_comp=0.9641  (3.8s)
  trial 2/3: R_glob=0.9731  R_comp=0.9746  (3.7s)
  trial 3/3: R_glob=0.9703  R_comp=0.9713  (3.7s)

Stage  4/10: ablated 28%  |E|=2867  CC=4  largest=997  clust=0.602  eff=0.036  mod=0.897
  trial 1/3: R_glob=0.9601  R_comp=0.9622  (3.7s)
  trial 2/3: R_glob=0.9633  R_comp=0.9656  (3.6s)
  trial 3/3: R_glob=0.9732  R_comp=0.9749  (3.7s)

Stage  5/10: ablated 38%  |E|=2489  CC=18  largest=411  clust=0.581  eff=0.024  mod=0.930
  trial 1/3: R_glob=0.9677  R_comp=0.9761  (4.4s)
  trial 2/3: R_glob=0.9564  R_comp=0.9680  (4.3s)
  trial 3/3: R_glob=0.9577  R_comp=0.9766  (4.2s)

Stage  6/10: ablated 47%  |E|=2111  CC=45  largest=404  clust=0.540  eff=0.020  mod=0.942
  trial 1/3: R_glob=0.9393  R_comp=0.9684  (4.7s)
  trial 2/3: R_glob=0.9332  R_comp=0.9679  (4.8s)
  trial 3/3: R_glob=0.9369  R_comp=0.9703  (4.7s)

Stage  7/10: ablated 57%  |E|=1733  CC=117  largest=181  clust=0.491  eff=0.012  mod=0.958
  trial 1/3: R_glob=0.8599  R_comp=0.9692  (6.6s)
  trial 2/3: R_glob=0.8972  R_comp=0.9732  (6.5s)
  trial 3/3: R_glob=0.8951  R_comp=0.9753  (6.5s)

Stage  8/10: ablated 66%  |E|=1356  CC=211  largest=65  clust=0.404  eff=0.008  mod=0.965
  trial 1/3: R_glob=0.8200  R_comp=0.9707  (8.4s)
  trial 2/3: R_glob=0.8501  R_comp=0.9746  (8.3s)
  trial 3/3: R_glob=0.8148  R_comp=0.9734  (8.2s)

Stage  9/10: ablated 76%  |E|=978  CC=357  largest=34  clust=0.319  eff=0.004  mod=0.975
  trial 1/3: R_glob=0.6656  R_comp=0.9863  (11.3s)
  trial 2/3: R_glob=0.7211  R_comp=0.9829  (11.2s)
  trial 3/3: R_glob=0.6988  R_comp=0.9822  (11.2s)

Stage 10/10: ablated 85%  |E|=600  CC=549  largest=20  clust=0.194  eff=0.002  mod=0.981
  trial 1/3: R_glob=0.5695  R_comp=0.9924  (14.3s)
  trial 2/3: R_glob=0.5805  R_comp=0.9921  (14.3s)
  trial 3/3: R_glob=0.5663  R_comp=0.9911  (14.4s)

Total wall-time: 248.5s


######################################################################
#  NETWORK 2/5    (master_seed=1960940411)
######################################################################

================================================================
Alzheimer's FHN network — disease progression by ablation
================================================================
  N=1000  K=0.35  a=0.65  ε=0.06  I=0.3
  stages=10  trials=3  ablation_max=0.85  strategy=betweenness
  master_seed=1960940411

Building healthy Watts-Strogatz network ...
  ⟨k⟩=8.00  |E|=4000
Computing edge-betweenness on healthy graph (one-shot) ...
  done in 1.2s

Stage  1/10: ablated 0%  |E|=4000  CC=1  largest=1000  clust=0.468  eff=0.217  mod=0.686
  trial 1/3: R_glob=0.9914  R_comp=0.9914  (3.8s)
  trial 2/3: R_glob=0.9920  R_comp=0.9920  (3.7s)
  trial 3/3: R_glob=0.9912  R_comp=0.9912  (3.7s)

Stage  2/10: ablated 9%  |E|=3622  CC=1  largest=1000  clust=0.561  eff=0.116  mod=0.776
  trial 1/3: R_glob=0.9807  R_comp=0.9807  (3.7s)
  trial 2/3: R_glob=0.9828  R_comp=0.9828  (3.7s)
  trial 3/3: R_glob=0.9809  R_comp=0.9809  (3.7s)

Stage  3/10: ablated 19%  |E|=3244  CC=4  largest=997  clust=0.599  eff=0.040  mod=0.847
  trial 1/3: R_glob=0.9748  R_comp=0.9756  (3.8s)
  trial 2/3: R_glob=0.9676  R_comp=0.9693  (3.7s)
  trial 3/3: R_glob=0.9625  R_comp=0.9654  (3.7s)

Stage  4/10: ablated 28%  |E|=2867  CC=11  largest=816  clust=0.604  eff=0.032  mod=0.887
  trial 1/3: R_glob=0.9643  R_comp=0.9707  (4.0s)
  trial 2/3: R_glob=0.9617  R_comp=0.9678  (4.0s)
  trial 3/3: R_glob=0.9552  R_comp=0.9629  (4.0s)

Stage  5/10: ablated 38%  |E|=2489  CC=33  largest=410  clust=0.580  eff=0.023  mod=0.927
  trial 1/3: R_glob=0.9352  R_comp=0.9589  (4.5s)
  trial 2/3: R_glob=0.9357  R_comp=0.9662  (4.4s)
  trial 3/3: R_glob=0.9415  R_comp=0.9625  (4.4s)

Stage  6/10: ablated 47%  |E|=2111  CC=75  largest=393  clust=0.542  eff=0.018  mod=0.943
  trial 1/3: R_glob=0.8857  R_comp=0.9468  (5.4s)
  trial 2/3: R_glob=0.9011  R_comp=0.9632  (5.4s)
  trial 3/3: R_glob=0.9027  R_comp=0.9756  (5.4s)

Stage  7/10: ablated 57%  |E|=1733  CC=138  largest=158  clust=0.474  eff=0.011  mod=0.955
  trial 1/3: R_glob=0.8685  R_comp=0.9685  (6.9s)
  trial 2/3: R_glob=0.8735  R_comp=0.9739  (6.8s)
  trial 3/3: R_glob=0.8637  R_comp=0.9731  (6.9s)

Stage  8/10: ablated 66%  |E|=1356  CC=231  largest=66  clust=0.404  eff=0.007  mod=0.965
  trial 1/3: R_glob=0.7577  R_comp=0.9731  (9.2s)
  trial 2/3: R_glob=0.8030  R_comp=0.9777  (9.3s)
  trial 3/3: R_glob=0.8018  R_comp=0.9745  (9.1s)

Stage  9/10: ablated 76%  |E|=978  CC=367  largest=41  clust=0.297  eff=0.004  mod=0.975
  trial 1/3: R_glob=0.7185  R_comp=0.9819  (11.3s)
  trial 2/3: R_glob=0.7044  R_comp=0.9677  (11.2s)
  trial 3/3: R_glob=0.6907  R_comp=0.9839  (11.3s)

Stage 10/10: ablated 85%  |E|=600  CC=568  largest=14  clust=0.204  eff=0.002  mod=0.980
  trial 1/3: R_glob=0.5452  R_comp=0.9934  (13.3s)
  trial 2/3: R_glob=0.5278  R_comp=0.9919  (13.3s)
  trial 3/3: R_glob=0.5975  R_comp=0.9918  (13.1s)

Total wall-time: 251.1s


######################################################################
#  NETWORK 3/5    (master_seed=420919611)
######################################################################

================================================================
Alzheimer's FHN network — disease progression by ablation
================================================================
  N=1000  K=0.35  a=0.65  ε=0.06  I=0.3
  stages=10  trials=3  ablation_max=0.85  strategy=betweenness
  master_seed=420919611

Building healthy Watts-Strogatz network ...
  ⟨k⟩=8.00  |E|=4000
Computing edge-betweenness on healthy graph (one-shot) ...
  done in 1.2s

Stage  1/10: ablated 0%  |E|=4000  CC=1  largest=1000  clust=0.476  eff=0.215  mod=0.705
  trial 1/3: R_glob=0.9920  R_comp=0.9920  (3.8s)
  trial 2/3: R_glob=0.9904  R_comp=0.9904  (3.7s)
  trial 3/3: R_glob=0.9919  R_comp=0.9919  (3.7s)

Stage  2/10: ablated 9%  |E|=3622  CC=1  largest=1000  clust=0.570  eff=0.106  mod=0.767
  trial 1/3: R_glob=0.9807  R_comp=0.9807  (3.7s)
  trial 2/3: R_glob=0.9679  R_comp=0.9679  (3.7s)
  trial 3/3: R_glob=0.9825  R_comp=0.9825  (3.7s)

Stage  3/10: ablated 19%  |E|=3244  CC=4  largest=997  clust=0.596  eff=0.040  mod=0.849
  trial 1/3: R_glob=0.9644  R_comp=0.9665  (3.8s)
  trial 2/3: R_glob=0.9647  R_comp=0.9661  (3.6s)
  trial 3/3: R_glob=0.9768  R_comp=0.9771  (3.7s)

Stage  4/10: ablated 28%  |E|=2867  CC=12  largest=888  clust=0.603  eff=0.033  mod=0.893
  trial 1/3: R_glob=0.9578  R_comp=0.9655  (3.8s)
  trial 2/3: R_glob=0.9513  R_comp=0.9587  (3.8s)
  trial 3/3: R_glob=0.9568  R_comp=0.9639  (3.8s)

Stage  5/10: ablated 38%  |E|=2489  CC=32  largest=459  clust=0.596  eff=0.025  mod=0.936
  trial 1/3: R_glob=0.9480  R_comp=0.9680  (4.5s)
  trial 2/3: R_glob=0.9452  R_comp=0.9672  (4.5s)
  trial 3/3: R_glob=0.9313  R_comp=0.9621  (4.5s)

Stage  6/10: ablated 47%  |E|=2111  CC=72  largest=307  clust=0.560  eff=0.018  mod=0.947
  trial 1/3: R_glob=0.9234  R_comp=0.9724  (5.5s)
  trial 2/3: R_glob=0.9029  R_comp=0.9631  (5.6s)
  trial 3/3: R_glob=0.8860  R_comp=0.9615  (5.7s)

Stage  7/10: ablated 57%  |E|=1733  CC=139  largest=98  clust=0.502  eff=0.011  mod=0.957
  trial 1/3: R_glob=0.8607  R_comp=0.9776  (7.2s)
  trial 2/3: R_glob=0.8557  R_comp=0.9728  (7.1s)
  trial 3/3: R_glob=0.8521  R_comp=0.9787  (7.1s)

Stage  8/10: ablated 66%  |E|=1356  CC=228  largest=70  clust=0.421  eff=0.008  mod=0.964
  trial 1/3: R_glob=0.8285  R_comp=0.9737  (8.3s)
  trial 2/3: R_glob=0.7905  R_comp=0.9739  (8.4s)
  trial 3/3: R_glob=0.7905  R_comp=0.9713  (8.2s)

Stage  9/10: ablated 76%  |E|=978  CC=362  largest=49  clust=0.318  eff=0.004  mod=0.972
  trial 1/3: R_glob=0.7029  R_comp=0.9854  (11.0s)
  trial 2/3: R_glob=0.6849  R_comp=0.9779  (10.9s)
  trial 3/3: R_glob=0.7177  R_comp=0.9854  (10.9s)

Stage 10/10: ablated 85%  |E|=600  CC=551  largest=20  clust=0.203  eff=0.002  mod=0.982
  trial 1/3: R_glob=0.5631  R_comp=0.9907  (14.5s)
  trial 2/3: R_glob=0.5707  R_comp=0.9910  (14.4s)
  trial 3/3: R_glob=0.5673  R_comp=0.9920  (14.7s)

Total wall-time: 252.1s


######################################################################
#  NETWORK 4/5    (master_seed=115042767)
######################################################################

================================================================
Alzheimer's FHN network — disease progression by ablation
================================================================
  N=1000  K=0.35  a=0.65  ε=0.06  I=0.3
  stages=10  trials=3  ablation_max=0.85  strategy=betweenness
  master_seed=115042767

Building healthy Watts-Strogatz network ...
  ⟨k⟩=8.00  |E|=4000
Computing edge-betweenness on healthy graph (one-shot) ...
  done in 1.2s

Stage  1/10: ablated 0%  |E|=4000  CC=1  largest=1000  clust=0.470  eff=0.217  mod=0.697
  trial 1/3: R_glob=0.9909  R_comp=0.9909  (3.8s)
  trial 2/3: R_glob=0.9916  R_comp=0.9916  (3.7s)
  trial 3/3: R_glob=0.9914  R_comp=0.9914  (3.7s)

Stage  2/10: ablated 9%  |E|=3622  CC=1  largest=1000  clust=0.563  eff=0.108  mod=0.782
  trial 1/3: R_glob=0.9753  R_comp=0.9753  (4.9s)
  trial 2/3: R_glob=0.9833  R_comp=0.9833  (7.8s)
  trial 3/3: R_glob=0.9766  R_comp=0.9766  (3.8s)

Stage  3/10: ablated 19%  |E|=3244  CC=2  largest=999  clust=0.591  eff=0.040  mod=0.841
  trial 1/3: R_glob=0.9651  R_comp=0.9657  (3.9s)
  trial 2/3: R_glob=0.9673  R_comp=0.9682  (3.8s)
  trial 3/3: R_glob=0.9733  R_comp=0.9739  (3.8s)

Stage  4/10: ablated 28%  |E|=2867  CC=9  largest=663  clust=0.594  eff=0.031  mod=0.907
  trial 1/3: R_glob=0.9655  R_comp=0.9705  (4.0s)
  trial 2/3: R_glob=0.9616  R_comp=0.9691  (4.0s)
  trial 3/3: R_glob=0.9604  R_comp=0.9638  (901.9s)

Stage  5/10: ablated 38%  |E|=2489  CC=28  largest=606  clust=0.575  eff=0.026  mod=0.939
  trial 1/3: R_glob=0.9494  R_comp=0.9644  (6.9s)
  trial 2/3: R_glob=0.9353  R_comp=0.9538  (6.4s)
  trial 3/3: R_glob=0.9304  R_comp=0.9532  (6.5s)

Stage  6/10: ablated 47%  |E|=2111  CC=69  largest=223  clust=0.547  eff=0.016  mod=0.955
  trial 1/3: R_glob=0.9147  R_comp=0.9705  (8.5s)
  trial 2/3: R_glob=0.9168  R_comp=0.9700  (8.6s)
  trial 3/3: R_glob=0.9213  R_comp=0.9609  (8.6s)

Stage  7/10: ablated 57%  |E|=1733  CC=136  largest=76  clust=0.497  eff=0.010  mod=0.963
  trial 1/3: R_glob=0.8718  R_comp=0.9695  (11.1s)
  trial 2/3: R_glob=0.8841  R_comp=0.9761  (11.1s)
  trial 3/3: R_glob=0.8546  R_comp=0.9638  (11.2s)

Stage  8/10: ablated 66%  |E|=1356  CC=235  largest=54  clust=0.410  eff=0.007  mod=0.971
  trial 1/3: R_glob=0.8076  R_comp=0.9789  (14.0s)
  trial 2/3: R_glob=0.8064  R_comp=0.9827  (13.9s)
  trial 3/3: R_glob=0.7839  R_comp=0.9849  (13.9s)

Stage  9/10: ablated 76%  |E|=978  CC=372  largest=36  clust=0.317  eff=0.004  mod=0.978
  trial 1/3: R_glob=0.6951  R_comp=0.9820  (18.6s)
  trial 2/3: R_glob=0.7216  R_comp=0.9866  (900.3s)
  trial 3/3: R_glob=0.6933  R_comp=0.9848  (19.3s)

Stage 10/10: ablated 85%  |E|=600  CC=558  largest=15  clust=0.202  eff=0.002  mod=0.983
  trial 1/3: R_glob=0.5101  R_comp=0.9919  (24.6s)
  trial 2/3: R_glob=0.5781  R_comp=0.9922  (24.6s)
  trial 3/3: R_glob=0.5601  R_comp=0.9926  (25.3s)

Total wall-time: 2153.7s


######################################################################
#  NETWORK 5/5    (master_seed=4056917832)
######################################################################

================================================================
Alzheimer's FHN network — disease progression by ablation
================================================================
  N=1000  K=0.35  a=0.65  ε=0.06  I=0.3
  stages=10  trials=3  ablation_max=0.85  strategy=betweenness
  master_seed=4056917832

Building healthy Watts-Strogatz network ...
  ⟨k⟩=8.00  |E|=4000
Computing edge-betweenness on healthy graph (one-shot) ...
  done in 2.2s

Stage  1/10: ablated 0%  |E|=4000  CC=1  largest=1000  clust=0.474  eff=0.217  mod=0.671
  trial 1/3: R_glob=0.9915  R_comp=0.9915  (6.8s)
  trial 2/3: R_glob=0.9922  R_comp=0.9922  (6.3s)
  trial 3/3: R_glob=0.9907  R_comp=0.9907  (6.2s)

Stage  2/10: ablated 9%  |E|=3622  CC=1  largest=1000  clust=0.569  eff=0.105  mod=0.751
  trial 1/3: R_glob=0.9768  R_comp=0.9768  (6.4s)
  trial 2/3: R_glob=0.9775  R_comp=0.9775  (6.4s)
  trial 3/3: R_glob=0.9849  R_comp=0.9849  (6.5s)

Stage  3/10: ablated 19%  |E|=3244  CC=2  largest=999  clust=0.602  eff=0.040  mod=0.809
  trial 1/3: R_glob=0.9634  R_comp=0.9643  (6.4s)
  trial 2/3: R_glob=0.9626  R_comp=0.9639  (6.3s)
  trial 3/3: R_glob=0.9693  R_comp=0.9700  (6.3s)

Stage  4/10: ablated 28%  |E|=2867  CC=10  largest=991  clust=0.595  eff=0.036  mod=0.888
  trial 1/3: R_glob=0.9601  R_comp=0.9655  (6.3s)
  trial 2/3: R_glob=0.9671  R_comp=0.9711  (6.4s)
  trial 3/3: R_glob=0.9637  R_comp=0.9699  (6.5s)

Stage  5/10: ablated 38%  |E|=2489  CC=26  largest=319  clust=0.581  eff=0.024  mod=0.935
  trial 1/3: R_glob=0.9405  R_comp=0.9558  (7.5s)
  trial 2/3: R_glob=0.9570  R_comp=0.9751  (7.3s)
  trial 3/3: R_glob=0.9580  R_comp=0.9736  (7.3s)

Stage  6/10: ablated 47%  |E|=2111  CC=64  largest=172  clust=0.554  eff=0.017  mod=0.948
  trial 1/3: R_glob=0.9083  R_comp=0.9609  (16.0s)
  trial 2/3: R_glob=0.9183  R_comp=0.9715  (918.0s)
  trial 3/3: R_glob=0.9221  R_comp=0.9631  (9.4s)

Stage  7/10: ablated 57%  |E|=1733  CC=119  largest=96  clust=0.488  eff=0.011  mod=0.961
  trial 1/3: R_glob=0.8932  R_comp=0.9706  (11.1s)
  trial 2/3: R_glob=0.8800  R_comp=0.9703  (909.5s)
  trial 3/3: R_glob=0.8824  R_comp=0.9682  (11.2s)

Stage  8/10: ablated 66%  |E|=1356  CC=225  largest=53  clust=0.411  eff=0.007  mod=0.969
  trial 1/3: R_glob=0.8060  R_comp=0.9736  (14.6s)
  trial 2/3: R_glob=0.8247  R_comp=0.9806  (14.5s)
  trial 3/3: R_glob=0.8034  R_comp=0.9742  (388.0s)

Stage  9/10: ablated 76%  |E|=978  CC=349  largest=30  clust=0.314  eff=0.004  mod=0.978
  trial 1/3: R_glob=0.6888  R_comp=0.9793  (19.9s)
  trial 2/3: R_glob=0.7204  R_comp=0.9841  (20.6s)
  trial 3/3: R_glob=0.6750  R_comp=0.9879  (20.7s)

Stage 10/10: ablated 85%  |E|=600  CC=538  largest=23  clust=0.190  eff=0.002  mod=0.981
  trial 1/3: R_glob=0.5290  R_comp=0.9891  (162.5s)
  trial 2/3: R_glob=0.5659  R_comp=0.9910  (974.2s)
  trial 3/3: R_glob=0.5627  R_comp=0.9900  (24.4s)

Total wall-time: 3705.2s


>>> Total wall-time: 110.3 min

======================================================================
PAIRED STATISTICAL TESTS  (Stage 1 vs Stage 10)
  Each network contributes one paired observation.
======================================================================

R_global:
  Stage 1   : 0.9916 ± 0.0003   (n=5 networks)
  Stage 10  : 0.5596 ± 0.0096
  Δ (paired): -0.4320 ± 0.0094
  Paired t  : t = -102.874,  p = 5.354e-08
  Wilcoxon  : W = 0.0,  p = 0.0625
  Cohen's d : -46.007   (large effect)

R_component:
  Stage 1   : 0.9916 ± 0.0003   (n=5 networks)
  Stage 10  : 0.9916 ± 0.0010
  Δ (paired): -0.0000 ± 0.0010
  Paired t  : t = -0.022,  p = 0.9839
  Wilcoxon  : W = 7.0,  p = 1
  Cohen's d : -0.010   (tiny effect)

======================================================================
PAPER-READY SUMMARY SENTENCE
======================================================================

Across n=5 independent Watts-Strogatz realizations, R_global decreased significantly from healthy (Stage 1: 0.992 ± 0.000) to advanced ablation (Stage 10: 0.560 ± 0.010); paired t = -102.87, p = 5.35e-08, Cohen's d = -46.01. R_component changed by only Δ = -0.000, confirming that desynchronization is structural rather than dynamical.

✓ All outputs in: /Users/anni/Desktop/Tinkering Lab/FHN_new/NewCodes/runs/s002/out
